node.exe : WARNING! Build not running on Vercel. System environment 
variables will not be available.
At line:1 char:1
+ & "C:\Program Files\nodejs/node.exe" "C:\Users\Abhishek 
Sharma\AppDat ...
+ 
~~~~~~~~~~~~~~~~~~~~~~~~~~~~~~~~~~~~~~~~~~~~~~~~~~~~~~~~~~~~~~~~~~~~~
    + CategoryInfo          : NotSpecified: (WARNING! Build ...t be  
   available.:String) [], RemoteException
    + FullyQualifiedErrorId : NativeCommandError
 
WARNING: You should not upload the `.next` directory.
Installing dependencies...

up to date in 5s

278 packages are looking for funding
  run `npm fund` for details
Detected Next.js version: 14.2.35
Running "npm run build"

> and-innovatech@0.1.0 build
> next build && next-sitemap

  Γû▓ Next.js 14.2.35
  - Environments: .env.local

   Creating an optimized production build ...
 Γ£ô Compiled successfully
   Skipping linting
   Checking validity of types ...
   Collecting page data ...
   Generating static pages (0/637) ...
   Generating static pages (159/637) 
   Generating static pages (318/637) 
   Generating static pages (477/637) 
 Γ£ô Generating static pages (637/637)
   Finalizing page optimization ...
   Collecting build traces ...

Route (app)                                                      Size     First Load JS
Γöî Γùï /                                                            3.05 kB         199 kB
Γö£ Γùï /_not-found                                                  147 B          87.5 kB
Γö£ ΓùÅ /[slug]                                                      69.6 kB         266 kB
Γö£   Γö£ /website-post-launch-90-day-checklist
Γö£   Γö£ /is-it-safe-share-business-idea-offshore-development-team
Γö£   Γö£ /india-it-agency-winning-us-smb-clients-2026
Γö£   Γöö [+563 more paths]
Γö£ Γùï /about                                                       1.33 kB         158 kB
Γö£ Γùï /affordable-seo-houston                                      2.49 kB         198 kB
Γö£ Γùï /affordable-web-development-atlanta                          2.49 kB         198 kB
Γö£ Γùï /ai-automation-new-york                                      2.49 kB         198 kB
Γö£ Γùï /ai-chatbot-phoenix                                          2.49 kB         198 kB
Γö£ ╞Æ /api/contact                                                 0 B                0 B
Γö£ ╞Æ /api/newsletter                                              0 B                0 B
Γö£ ╞Æ /api/social/linkedin                                         0 B                0 B
Γö£ Γùï /blog                                                        621 B           157 kB
Γö£ Γùï /comparison/agency-comparison                                2.49 kB         198 kB
Γö£ Γùï /comparison/custom-ai-vs-off-the-shelf                       2.49 kB         198 kB
Γö£ Γùï /comparison/fixed-price-vs-hourly-development                2.49 kB         198 kB
Γö£ Γùï /comparison/wordpress-vs-nextjs-speed-test                   2.49 kB         198 kB
Γö£ Γùï /contact                                                     2.37 kB         198 kB
Γö£ Γùï /icon.png                                                    0 B                0 B
Γö£ Γùï /it-consulting-startups-san-francisco                        2.49 kB         198 kB
Γö£ Γùï /offshore-partner-austin                                     2.49 kB         198 kB
Γö£ Γùï /portfolio                                                   625 B           157 kB
Γö£ ΓùÅ /portfolio/[slug]                                            209 B           157 kB
Γö£   Γö£ /portfolio/ecommerce-platform
Γö£   Γö£ /portfolio/healthcare-app
Γö£   Γö£ /portfolio/seo-campaign
Γö£   Γöö [+12 more paths]
Γö£ Γùï /pricing                                                     2.49 kB         198 kB
Γö£ Γùï /privacy-policy                                              192 B           157 kB
Γö£ Γùï /robots.txt                                                  0 B                0 B
Γö£ Γùï /seo-agency-los-angeles                                      2.5 kB          198 kB
Γö£ Γùï /services                                                    619 B           157 kB
Γö£ Γùï /services/ai-automation                                      2.49 kB         198 kB
Γö£ Γùï /services/ai-chatbot-cleaning                                2.5 kB          198 kB
Γö£ Γùï /services/ai-chatbot-hvac                                    2.49 kB         198 kB
Γö£ Γùï /services/ai-chatbot-plumbers                                2.49 kB         198 kB
Γö£ Γùï /services/ai-lead-automation                                 2.49 kB         198 kB
Γö£ Γùï /services/ai-voice-bot-roofing                               2.49 kB         198 kB
Γö£ Γùï /services/cloud-computing                                    2.5 kB          198 kB
Γö£ Γùï /services/it-consulting                                      2.49 kB         198 kB
Γö£ Γùï /services/local-seo-experts                                  2.49 kB         198 kB
Γö£ Γùï /services/mobile-app-development                             2.49 kB         198 kB
Γö£ Γùï /services/mobile-app-development-india                       159 B           199 kB
Γö£ Γùï /services/offshore-development-startups                      2.49 kB         198 kB
Γö£ Γùï /services/seo-services                                       2.49 kB         198 kB
Γö£ Γùï /services/seo-services-canada                                158 B           199 kB
Γö£ Γùï /services/seo-services-india                                 159 B           199 kB
Γö£ Γùï /services/seo-services-usa                                   159 B           199 kB
Γö£ Γùï /services/software-development                               2.1 kB          198 kB
Γö£ Γùï /services/software-development-usa                           159 B           199 kB
Γö£ Γùï /services/website-development                                2.11 kB         198 kB
Γö£ Γùï /services/website-development-canada                         158 B           199 kB
Γö£ Γùï /services/website-development-hvac                           2.49 kB         198 kB
Γö£ Γùï /services/website-development-landscaping                    2.49 kB         198 kB
Γö£ Γùï /services/website-development-plumbers                       2.5 kB          198 kB
Γö£ Γùï /sitemap-list                                                178 B          96.2 kB
Γö£ Γùï /sitemap.xml                                                 0 B                0 B
Γö£ Γùï /terms-of-service                                            192 B           157 kB
Γö£ Γùï /web-development-small-business-chicago                      2.49 kB         198 kB
Γö£ Γùï /web-development-small-business-miami                        2.49 kB         198 kB
Γöö Γùï /website-development-hvac-dallas                             2.5 kB          198 kB
+ First Load JS shared by all                                    87.4 kB
  Γö£ chunks/2117-49c3be015b8d8958.js                              31.8 kB
  Γö£ chunks/fd9d1056-d280917f29ebddc0.js                          53.6 kB
  Γöö other shared chunks (total)                                  1.96 kB


╞Æ Middleware                                                     26.5 kB

Γùï  (Static)   prerendered as static content
ΓùÅ  (SSG)      prerendered as static HTML (uses getStaticProps)
╞Æ  (Dynamic)  server-rendered on demand

Γ£¿ [next-sitemap] Loading next-sitemap config: file:///C:/Users/Abhishek%20Sharma/.gemini/antigravity/scratch/and-innovatech/next-sitemap.config.js
Γ£à [next-sitemap] Generation completed
ΓöîΓöÇΓöÇΓöÇΓöÇΓöÇΓöÇΓöÇΓöÇΓöÇΓöÇΓöÇΓöÇΓöÇΓöÇΓöÇΓö¼ΓöÇΓöÇΓöÇΓöÇΓöÇΓöÇΓöÇΓöÇΓöÉ
Γöé (index)       Γöé Values Γöé
Γö£ΓöÇΓöÇΓöÇΓöÇΓöÇΓöÇΓöÇΓöÇΓöÇΓöÇΓöÇΓöÇΓöÇΓöÇΓöÇΓö╝ΓöÇΓöÇΓöÇΓöÇΓöÇΓöÇΓöÇΓöÇΓöñ
Γöé indexSitemaps Γöé 1      Γöé
Γöé sitemaps      Γöé 1      Γöé
ΓööΓöÇΓöÇΓöÇΓöÇΓöÇΓöÇΓöÇΓöÇΓöÇΓöÇΓöÇΓöÇΓöÇΓöÇΓöÇΓö┤ΓöÇΓöÇΓöÇΓöÇΓöÇΓöÇΓöÇΓöÇΓöÿ
-----------------------------------------------------
 SITEMAP INDICES 
-----------------------------------------------------

   Γùï https://andinnovatech.com/sitemap.xml


-----------------------------------------------------
 SITEMAPS 
-----------------------------------------------------

   Γùï https://andinnovatech.com/sitemap-0.xml


Traced Next.js server files in: 483.513ms
Tracing entries due to missing build traces:
[
  "C:/Users/Abhishek Sharma/.gemini/antigravity/scratch/and-innovatech/.next/server/app/_not-found/page.js",
  "C:/Users/Abhishek Sharma/.gemini/antigravity/scratch/and-innovatech/.next/server/app/affordable-web-development-atlanta/page.js",
  "C:/Users/Abhishek Sharma/.gemini/antigravity/scratch/and-innovatech/.next/server/app/about/page.js",
  "C:/Users/Abhishek Sharma/.gemini/antigravity/scratch/and-innovatech/.next/server/app/ai-automation-new-york/page.js",
  "C:/Users/Abhishek Sharma/.gemini/antigravity/scratch/and-innovatech/.next/server/app/[slug]/page.js",
  "C:/Users/Abhishek Sharma/.gemini/antigravity/scratch/and-innovatech/.next/server/app/blog/page.js",
  "C:/Users/Abhishek Sharma/.gemini/antigravity/scratch/and-innovatech/.next/server/app/comparison/agency-comparison/page.js",
  "C:/Users/Abhishek Sharma/.gemini/antigravity/scratch/and-innovatech/.next/server/app/affordable-seo-houston/page.js",
  "C:/Users/Abhishek Sharma/.gemini/antigravity/scratch/and-innovatech/.next/server/app/contact/page.js",
  "C:/Users/Abhishek Sharma/.gemini/antigravity/scratch/and-innovatech/.next/server/app/comparison/custom-ai-vs-off-the-shelf/page.js",
  "C:/Users/Abhishek Sharma/.gemini/antigravity/scratch/and-innovatech/.next/server/app/comparison/fixed-price-vs-hourly-development/page.js",
  "C:/Users/Abhishek Sharma/.gemini/antigravity/scratch/and-innovatech/.next/server/app/comparison/wordpress-vs-nextjs-speed-test/page.js",
  "C:/Users/Abhishek Sharma/.gemini/antigravity/scratch/and-innovatech/.next/server/app/it-consulting-startups-san-francisco/page.js",
  "C:/Users/Abhishek Sharma/.gemini/antigravity/scratch/and-innovatech/.next/server/app/offshore-partner-austin/page.js",
  "C:/Users/Abhishek Sharma/.gemini/antigravity/scratch/and-innovatech/.next/server/app/portfolio/page.js",
  "C:/Users/Abhishek Sharma/.gemini/antigravity/scratch/and-innovatech/.next/server/app/seo-agency-los-angeles/page.js",
  "C:/Users/Abhishek Sharma/.gemini/antigravity/scratch/and-innovatech/.next/server/app/services/ai-chatbot-cleaning/page.js",
  "C:/Users/Abhishek Sharma/.gemini/antigravity/scratch/and-innovatech/.next/server/app/services/ai-chatbot-hvac/page.js",
  "C:/Users/Abhishek Sharma/.gemini/antigravity/scratch/and-innovatech/.next/server/app/privacy-policy/page.js",
  "C:/Users/Abhishek Sharma/.gemini/antigravity/scratch/and-innovatech/.next/server/app/services/ai-lead-automation/page.js",
  "C:/Users/Abhishek Sharma/.gemini/antigravity/scratch/and-innovatech/.next/server/app/services/ai-voice-bot-roofing/page.js",
  "C:/Users/Abhishek Sharma/.gemini/antigravity/scratch/and-innovatech/.next/server/app/portfolio/[slug]/page.js",
  "C:/Users/Abhishek Sharma/.gemini/antigravity/scratch/and-innovatech/.next/server/app/services/cloud-computing/page.js",
  "C:/Users/Abhishek Sharma/.gemini/antigravity/scratch/and-innovatech/.next/server/app/pricing/page.js",
  "C:/Users/Abhishek Sharma/.gemini/antigravity/scratch/and-innovatech/.next/server/app/services/ai-automation/page.js",
  "C:/Users/Abhishek Sharma/.gemini/antigravity/scratch/and-innovatech/.next/server/app/services/offshore-development-startups/page.js",
  "C:/Users/Abhishek Sharma/.gemini/antigravity/scratch/and-innovatech/.next/server/app/services/local-seo-experts/page.js",
  "C:/Users/Abhishek Sharma/.gemini/antigravity/scratch/and-innovatech/.next/server/app/services/ai-chatbot-plumbers/page.js",
  "C:/Users/Abhishek Sharma/.gemini/antigravity/scratch/and-innovatech/.next/server/app/services/seo-services-canada/page.js",
  "C:/Users/Abhishek Sharma/.gemini/antigravity/scratch/and-innovatech/.next/server/app/services/mobile-app-development-india/page.js",
  "C:/Users/Abhishek Sharma/.gemini/antigravity/scratch/and-innovatech/.next/server/app/services/seo-services-usa/page.js",
  "C:/Users/Abhishek Sharma/.gemini/antigravity/scratch/and-innovatech/.next/server/app/services/software-development-usa/page.js",
  "C:/Users/Abhishek Sharma/.gemini/antigravity/scratch/and-innovatech/.next/server/app/services/it-consulting/page.js",
  "C:/Users/Abhishek Sharma/.gemini/antigravity/scratch/and-innovatech/.next/server/app/services/website-development/page.js",
  "C:/Users/Abhishek Sharma/.gemini/antigravity/scratch/and-innovatech/.next/server/app/services/mobile-app-development/page.js",
  "C:/Users/Abhishek Sharma/.gemini/antigravity/scratch/and-innovatech/.next/server/app/services/seo-services/page.js",
  "C:/Users/Abhishek Sharma/.gemini/antigravity/scratch/and-innovatech/.next/server/app/services/software-development/page.js",
  "C:/Users/Abhishek Sharma/.gemini/antigravity/scratch/and-innovatech/.next/server/app/services/page.js",
  "C:/Users/Abhishek Sharma/.gemini/antigravity/scratch/and-innovatech/.next/server/app/services/website-development-canada/page.js",
  "C:/Users/Abhishek Sharma/.gemini/antigravity/scratch/and-innovatech/.next/server/app/terms-of-service/page.js",
  "C:/Users/Abhishek Sharma/.gemini/antigravity/scratch/and-innovatech/.next/server/app/services/website-development-hvac/page.js",
  "C:/Users/Abhishek Sharma/.gemini/antigravity/scratch/and-innovatech/.next/server/app/web-development-small-business-miami/page.js",
  "C:/Users/Abhishek Sharma/.gemini/antigravity/scratch/and-innovatech/.next/server/app/services/website-development-landscaping/page.js",
  "C:/Users/Abhishek Sharma/.gemini/antigravity/scratch/and-innovatech/.next/server/app/web-development-small-business-chicago/page.js",
  "C:/Users/Abhishek Sharma/.gemini/antigravity/scratch/and-innovatech/.next/server/app/services/seo-services-india/page.js",
  "C:/Users/Abhishek Sharma/.gemini/antigravity/scratch/and-innovatech/.next/server/app/ai-chatbot-phoenix/page.js",
  "C:/Users/Abhishek Sharma/.gemini/antigravity/scratch/and-innovatech/.next/server/app/website-development-hvac-dallas/page.js",
  "C:/Users/Abhishek Sharma/.gemini/antigravity/scratch/and-innovatech/.next/server/app/sitemap-list/page.js",
  "C:/Users/Abhishek Sharma/.gemini/antigravity/scratch/and-innovatech/.next/server/app/services/website-development-plumbers/page.js",
  "C:/Users/Abhishek Sharma/.gemini/antigravity/scratch/and-innovatech/.next/server/app/api/social/linkedin/route.js",
  "C:/Users/Abhishek Sharma/.gemini/antigravity/scratch/and-innovatech/.next/server/app/api/contact/route.js",
  "C:/Users/Abhishek Sharma/.gemini/antigravity/scratch/and-innovatech/.next/server/app/api/newsletter/route.js",
  "C:/Users/Abhishek Sharma/.gemini/antigravity/scratch/and-innovatech/.next/server/app/robots.txt/route.js",
  "C:/Users/Abhishek Sharma/.gemini/antigravity/scratch/and-innovatech/.next/server/app/sitemap.xml/route.js",
  "C:/Users/Abhishek Sharma/.gemini/antigravity/scratch/and-innovatech/.next/server/app/icon.png/route.js"
]: 5.176s
Created all serverless functions in: 5.693s
Error: Unable to find lambda for route: /comparison/agency-comparison
