src/app/api/event-pass/admin/visitors/route.ts(73,7): error TS2322: Type 'string | undefined' is not assignable to type 'string'.
  Type 'undefined' is not assignable to type 'string'.
src/app/api/event-pass/admin/visitors/route.ts(77,35): error TS2322: Type 'string | undefined' is not assignable to type 'string'.
  Type 'undefined' is not assignable to type 'string'.
src/app/api/event-pass/recover/verify/route.ts(40,5): error TS2322: Type 'string | undefined' is not assignable to type 'string'.
  Type 'undefined' is not assignable to type 'string'.
src/app/Event-pass-genrator/layout.tsx(8,27): error TS2307: Cannot find module '@/components/Providers' or its corresponding type declarations.
src/lib/cloudinary.ts(1,34): error TS2307: Cannot find module 'cloudinary' or its corresponding type declarations.
src/lib/cloudinary.ts(38,8): error TS7006: Parameter 'error' implicitly has an 'any' type.
src/lib/cloudinary.ts(38,15): error TS7006: Parameter 'result' implicitly has an 'any' type.
